MODEL CHECKING SUCCESSFUL
Number of States: 2650
Number of Transitions: 9755