MODEL CHECKING SUCCESSFUL
Number of States: 936
Number of Transitions: 3451