MODEL CHECKING SUCCESSFUL
Number of States: 64
Number of Transitions: 144