MODEL CHECKING SUCCESSFUL
Number of States: 132598
Number of Transitions: 340264