MODEL CHECKING SUCCESSFUL
Number of States: 16
Number of Transitions: 21