MODEL CHECKING SUCCESSFUL
Number of States: 1360
Number of Transitions: 26149