MODEL CHECKING SUCCESSFUL
Number of States: 340
Number of Transitions: 1228