MODEL CHECKING SUCCESSFUL
Number of States: 7
Number of Transitions: 49