MODEL CHECKING SUCCESSFUL
Number of States: 1000
Number of Transitions: 2001