MODEL CHECKING SUCCESSFUL
Number of States: 1
Number of Transitions: 1