MODEL CHECKING SUCCESSFUL
Number of States: 4096
Number of Transitions: 48256