MODEL CHECKING SUCCESSFUL
Number of States: 9000
Number of Transitions: