MODEL CHECKING SUCCESSFUL
Number of States: 22
Number of Transitions: 22