MODEL CHECKING SUCCESSFUL
Number of States: 1000001
Number of Transitions: 2000000