MODEL CHECKING SUCCESSFUL
Number of States: 25
Number of Transitions: 250