MODEL CHECKING SUCCESSFUL
Number of States: 80718
Number of Transitions: 1797352