MODEL CHECKING SUCCESSFUL
Number of States: 245025
Number of Transitions: 2188890