MODEL CHECKING SUCCESSFUL
Number of States: 1636545
Number of Transitions: 7134233