MODEL CHECKING SUCCESSFUL
Number of States: 2
Number of Transitions: 2