MODEL CHECKING SUCCESSFUL
Number of States: 3
Number of Transitions: 4