MODEL CHECKING SUCCESSFUL
Number of States: 35
Number of Transitions: 144