MODEL CHECKING SUCCESSFUL
Number of States: 465
Number of Transitions: 4124