MODEL CHECKING SUCCESSFUL
Number of States: 32768
Number of Transitions: 933888