MODEL CHECKING SUCCESSFUL
Number of States: 512
Number of Transitions: 3840