MODEL CHECKING SUCCESSFUL
Number of States: 373248
Number of Transitions: 3545856