MODEL CHECKING SUCCESSFUL
Number of States: 132601
Number of Transitions: