MODEL CHECKING SUCCESSFUL
Number of States: 132600
Number of Transitions: