MODEL CHECKING SUCCESSFUL
Number of States: 6046
Number of Transitions: 19107