MODEL CHECKING SUCCESSFUL
Number of States: 5
Number of Transitions: