MODEL CHECKING SUCCESSFUL
Number of States: 672173
Number of Transitions: 2244484