MODEL CHECKING SUCCESSFUL
Number of States: 672175
Number of Transitions: