{(COUNT_ref |-> 1)}
{(COUNT_ref |-> 3)}
{(COUNT_ref |-> 103)}