{(Current2_ref |-> 1)}
{(Current2_ref |-> 1)}
{(Current2_ref |-> 1)}
{(Current2_ref |-> 2)}
{(Current2_ref |-> 2)}
{(Current2_ref |-> 2)}
{(Current2_ref |-> 3)}
{(Current2_ref |-> 3)}
{(Current2_ref |-> 2)}
{(Current2_ref |-> 4)}
{(Current2_ref |-> 4)}
{(Current2_ref |-> 2)}
{(Current2_ref |-> 5)}
{(Current2_ref |-> 4)}
{(Current2_ref |-> 5)}
{(Current2_ref |-> 6)}
{(Current2_ref |-> 4)}
{(Current2_ref |-> 6)}
{(Current2_ref |-> 7)}
{(Current2_ref |-> 4)}
{(Current2_ref |-> 6)}
{(Current2_ref |-> 8)}
{(Current2_ref |-> 4)}
{(Current2_ref |-> 6)}