{(expr_list2_ref |-> 1)}
{(expr_list2_ref |-> 2)}
{(expr_list2_ref |-> 1)}
{(expr_list2_ref |-> 2)}
{(expr_list2_ref |-> 0)}
{(expr_list2_ref |-> -1)}