{(ref |-> 1)}
{(ref |-> 1)}
{(ref |-> 4)}
{(ref |-> 4)}
