{(expr_list3_ref |-> 1)}
{(expr_list3_ref |-> 2)}
{(expr_list3_ref |-> 1)}
{(expr_list3_ref |-> 2)}
{(expr_list3_ref |-> 0)}
{(expr_list3_ref |-> -1)}