{(Lift_verif_error_ref |-> true)}
{(Lift_verif_error_ref |-> false)}