{(ref |-> false)}
{(ref |-> false)}
{(ref |-> false)}
{(ref |-> true)}
{(ref |-> true)}
{(ref |-> true)}
{(ref |-> true)}
{(ref |-> true)}
{(ref |-> true)}