{(ref |-> 1)}
{(ref |-> 1)}
{(ref |-> 1)}
{(ref |-> 2)}
{(ref |-> 2)}
{(ref |-> 2)}
{(ref |-> 3)}
{(ref |-> 3)}
{(ref |-> 2)}
{(ref |-> 4)}
{(ref |-> 4)}
{(ref |-> 2)}
{(ref |-> 5)}
{(ref |-> 4)}
{(ref |-> 5)}
{(ref |-> 6)}
{(ref |-> 4)}
{(ref |-> 6)}
{(ref |-> 7)}
{(ref |-> 4)}
{(ref |-> 6)}
{(ref |-> 8)}
{(ref |-> 4)}
{(ref |-> 6)}