{(ref |-> 3)}
{(ref |-> 3)}
{(ref |-> 3)}
{(ref |-> 4)}
{(ref |-> 4)}
{(ref |-> 4)}