{(ref |-> true)}
{(ref |-> true)}
{(ref |-> true)}
{(ref |-> true)}
{(ref |-> true)}
{(ref |-> true)}
{(ref |-> true)}
{(ref |-> true)}
{(ref |-> true)}
{(ref |-> true)}
{(ref |-> true)}
{(ref |-> true)}
{(ref |-> true)}
{(ref |-> true)}
{(ref |-> true)}
{(ref |-> true)}
{(ref |-> true)}