{}
{}
{}
{(ref |-> 1)}
{(ref |-> 2)}
{(ref |-> 1)}
{(ref |-> 3)}
{(ref |-> 3)}