{(ref |-> 1)}
{(ref |-> 0)}
{(ref |-> 0)}
{(ref |-> 2)}
{(ref |-> -1)}
{(ref |-> -1)}
{(ref |-> 3)}
{(ref |-> 2)}
{(ref |-> 2)}
{(ref |-> 4)}
{(ref |-> 3)}
{(ref |-> 2)}