{}
{}
{}
{}
{(Pre5_ref |-> 2)}
{(Pre5_ref |-> 1)}
{(Pre5_ref |-> 2)}
{(Pre5_ref |-> 1)}
{(Pre5_ref |-> 2)}
{(Pre5_ref |-> 1)}
{(Pre5_ref |-> 5)}
{(Pre5_ref |-> 3)}