{}
{}
{}
{}
{(Pre6_ref |-> 2)}
{(Pre6_ref |-> 1)}
{(Pre6_ref |-> 2)}
{(Pre6_ref |-> 1)}
{(Pre6_ref |-> 2)}
{(Pre6_ref |-> 1)}
{(Pre6_ref |-> 5)}
{(Pre6_ref |-> 3)}