{(UMS_ref |-> true)}
{(UMS_ref |-> false)}
{(UMS_ref |-> false)}
{(UMS_ref |-> false)}
{(UMS_ref |-> false)}
{(UMS_ref |-> false)}
{(UMS_ref |-> false)}
{(UMS_ref |-> false)}
{(UMS_ref |-> false)}
{(UMS_ref |-> false)}
{(UMS_ref |-> false)}
{(UMS_ref |-> true)}
{(UMS_ref |-> false)}
{(UMS_ref |-> true)}
{(UMS_ref |-> false)}
{(UMS_ref |-> false)}
{(UMS_ref |-> false)}
{(UMS_ref |-> false)}
{(UMS_ref |-> false)}
{(UMS_ref |-> false)}
{(UMS_ref |-> false)}
{(UMS_ref |-> false)}
{(UMS_ref |-> true)}
{(UMS_ref |-> false)}