{(UMS_verif_ref |-> true)}
{(UMS_verif_ref |-> false)}
{(UMS_verif_ref |-> false)}
{(UMS_verif_ref |-> false)}
{(UMS_verif_ref |-> false)}
{(UMS_verif_ref |-> false)}
{(UMS_verif_ref |-> false)}
{(UMS_verif_ref |-> false)}
{(UMS_verif_ref |-> false)}
{(UMS_verif_ref |-> false)}
{(UMS_verif_ref |-> false)}
{(UMS_verif_ref |-> true)}
{(UMS_verif_ref |-> false)}
{(UMS_verif_ref |-> true)}
{(UMS_verif_ref |-> false)}
{(UMS_verif_ref |-> false)}
{(UMS_verif_ref |-> false)}
{(UMS_verif_ref |-> false)}
{(UMS_verif_ref |-> false)}
{(UMS_verif_ref |-> false)}
{(UMS_verif_ref |-> false)}
{(UMS_verif_ref |-> false)}
{(UMS_verif_ref |-> true)}
{(UMS_verif_ref |-> false)}